// Jest Snapshot v1, https://goo.gl/fbAQLP

exports[`App renders ansd increments counter 1`] = `
<DocumentFragment>
  <div>
    <div
      class="game"
    >
      <div
        class="help"
      >
        Pick 1 or more numbers that sum to the number of stars
      </div>
      <div
        class="body"
      >
        <div
          class="left"
        >
          <div>
            <div
              class="star"
            />
            <div
              class="star"
            />
            <div
              class="star"
            />
            <div
              class="star"
            />
            <div
              class="star"
            />
            <div
              class="star"
            />
            <div
              class="star"
            />
          </div>
        </div>
        <div
          class="right"
        >
          <button
            class="number"
            style="background-color: lightgray;"
          >
            1
          </button>
          <button
            class="number"
            style="background-color: lightgray;"
          >
            2
          </button>
          <button
            class="number"
            style="background-color: lightgray;"
          >
            3
          </button>
          <button
            class="number"
            style="background-color: lightgray;"
          >
            4
          </button>
          <button
            class="number"
            style="background-color: lightgray;"
          >
            5
          </button>
          <button
            class="number"
            style="background-color: lightgray;"
          >
            6
          </button>
          <button
            class="number"
            style="background-color: lightgray;"
          >
            7
          </button>
          <button
            class="number"
            style="background-color: lightgray;"
          >
            8
          </button>
          <button
            class="number"
            style="background-color: lightgray;"
          >
            9
          </button>
        </div>
      </div>
      <div
        class="timer"
      >
        Time Remaining: 5
      </div>
    </div>
    <div
      class="scoreBoard"
    >
      <div
        class="timer"
      >
        Best Time: 0
      </div>
    </div>
  </div>
</DocumentFragment>
`;
